\BOOKMARK [1][-]{section.1}{\376\377\000M\000\364\000i\000\040\000t\000r\001\260\036\335\000n\000g\000\040\000t\000h\036\361\000c\000\040\000n\000g\000h\000i\036\307\000m}{}% 1
\BOOKMARK [1][-]{section.2}{\376\377\000B\000\340\000i\000\040\0001\000\040\040\024\000\040\000M\000o\000d\000u\000l\000e\000\040\000h\000e\000l\000l\000o}{}% 2
\BOOKMARK [2][-]{subsection.2.1}{\376\377\000M\036\345\000c\000\040\000t\000i\000\352\000u}{section.2}% 3
\BOOKMARK [2][-]{subsection.2.2}{\376\377\000M\000\343\000\040\000n\000g\000u\036\323\000n\000\040\000\050\000b\0001\000/\000h\000e\000l\000l\000o\000.\000c\000\051}{section.2}% 4
\BOOKMARK [2][-]{subsection.2.3}{\376\377\000C\000\341\000c\000\040\000b\001\260\036\333\000c\000\040\000t\000h\036\361\000c\000\040\000h\000i\036\307\000n}{section.2}% 5
\BOOKMARK [2][-]{subsection.2.4}{\376\377\000K\036\277\000t\000\040\000q\000u\036\243}{section.2}% 6
\BOOKMARK [2][-]{subsection.2.5}{\376\377\000N\000h\036\255\000n\000\040\000x\000\351\000t}{section.2}% 7
\BOOKMARK [1][-]{section.3}{\376\377\000B\000\340\000i\000\040\0002\000\040\040\024\000\040\000M\000o\000d\000u\000l\000e\000\040\000h\000e\000l\000l\000o\000\137\000p\000a\000r\000a\000m\000\040\000\050\000t\000h\000a\000m\000\040\000s\036\321\000\040\000m\000o\000d\000u\000l\000e\000\051}{}% 8
\BOOKMARK [2][-]{subsection.3.1}{\376\377\000M\036\345\000c\000\040\000t\000i\000\352\000u}{section.3}% 9
\BOOKMARK [2][-]{subsection.3.2}{\376\377\000M\000\343\000\040\000n\000g\000u\036\323\000n\000\040\000\050\000b\0002\000/\000h\000e\000l\000l\000o\000\137\000p\000a\000r\000a\000m\000.\000c\000\051}{section.3}% 10
\BOOKMARK [2][-]{subsection.3.3}{\376\377\000C\000\341\000c\000\040\000b\001\260\036\333\000c\000\040\000t\000h\036\361\000c\000\040\000h\000i\036\307\000n}{section.3}% 11
\BOOKMARK [2][-]{subsection.3.4}{\376\377\000K\036\277\000t\000\040\000q\000u\036\243}{section.3}% 12
\BOOKMARK [2][-]{subsection.3.5}{\376\377\000N\000h\036\255\000n\000\040\000x\000\351\000t}{section.3}% 13
\BOOKMARK [1][-]{section.4}{\376\377\000B\000\340\000i\000\040\0003\000\040\040\024\000\040\000I\000n\000\040\000d\000\343\000y\000\040\000s\036\321\000\040\000v\000\340\000\040\000t\000\355\000n\000h\000\040\000t\036\325\000n\000g\000\040\000b\000\354\000n\000h\000\040\000p\000h\001\260\001\241\000n\000g}{}% 14
\BOOKMARK [2][-]{subsection.4.1}{\376\377\000M\036\345\000c\000\040\000t\000i\000\352\000u}{section.4}% 15
\BOOKMARK [2][-]{subsection.4.2}{\376\377\000M\000\343\000\040\000n\000g\000u\036\323\000n\000\040\000\050\000b\0003\000/\000b\0003\000.\000c\000\051}{section.4}% 16
\BOOKMARK [2][-]{subsection.4.3}{\376\377\000C\000\341\000c\000\040\000b\001\260\036\333\000c\000\040\000t\000h\036\361\000c\000\040\000h\000i\036\307\000n}{section.4}% 17
\BOOKMARK [2][-]{subsection.4.4}{\376\377\000K\036\277\000t\000\040\000q\000u\036\243}{section.4}% 18
\BOOKMARK [2][-]{subsection.4.5}{\376\377\000N\000h\036\255\000n\000\040\000x\000\351\000t}{section.4}% 19
\BOOKMARK [1][-]{section.5}{\376\377\000B\000\340\000i\000\040\0004\000\040\040\024\000\040\000M\000o\000d\000u\000l\000e\000\040\000h\000e\000l\000l\000o\000\137\000a\000r\000r\000a\000y\000\040\000\050\000t\000h\000a\000m\000\040\000s\036\321\000\040\000m\036\243\000n\000g\000\051}{}% 20
\BOOKMARK [2][-]{subsection.5.1}{\376\377\000M\036\345\000c\000\040\000t\000i\000\352\000u}{section.5}% 21
\BOOKMARK [2][-]{subsection.5.2}{\376\377\000M\000\343\000\040\000n\000g\000u\036\323\000n\000\040\000\050\000b\0004\000/\000h\000e\000l\000l\000o\000\137\000a\000r\000r\000a\000y\000.\000c\000\051}{section.5}% 22
\BOOKMARK [2][-]{subsection.5.3}{\376\377\000C\000\341\000c\000\040\000b\001\260\036\333\000c\000\040\000t\000h\036\361\000c\000\040\000h\000i\036\307\000n}{section.5}% 23
\BOOKMARK [2][-]{subsection.5.4}{\376\377\000K\036\277\000t\000\040\000q\000u\036\243}{section.5}% 24
\BOOKMARK [2][-]{subsection.5.5}{\376\377\000N\000h\036\255\000n\000\040\000x\000\351\000t}{section.5}% 25
\BOOKMARK [1][-]{section.6}{\376\377\000B\000\340\000i\000\040\0005\000\040\040\024\000\040\000M\000o\000d\000u\000l\000e\000\040\000h\000e\000l\000l\000o\000\137\000m\000u\000l\000t\000i\000\040\000\050\000n\000h\000i\036\301\000u\000\040\000f\000i\000l\000e\000\040\000n\000g\000u\036\323\000n\000\051}{}% 26
\BOOKMARK [2][-]{subsection.6.1}{\376\377\000M\036\345\000c\000\040\000t\000i\000\352\000u}{section.6}% 27
\BOOKMARK [2][-]{subsection.6.2}{\376\377\000M\000\343\000\040\000n\000g\000u\036\323\000n}{section.6}% 28
\BOOKMARK [2][-]{subsection.6.3}{\376\377\000C\000\341\000c\000\040\000b\001\260\036\333\000c\000\040\000t\000h\036\361\000c\000\040\000h\000i\036\307\000n}{section.6}% 29
\BOOKMARK [2][-]{subsection.6.4}{\376\377\000K\036\277\000t\000\040\000q\000u\036\243}{section.6}% 30
\BOOKMARK [2][-]{subsection.6.5}{\376\377\000N\000h\036\255\000n\000\040\000x\000\351\000t}{section.6}% 31
\BOOKMARK [1][-]{section.7}{\376\377\000B\000\340\000i\000\040\0006\000\040\040\024\000\040\000M\000o\000d\000u\000l\000e\000\040\000h\000e\000l\000l\000o\000\137\000p\000r\000o\000c\000\040\000\050\000t\000h\000\364\000n\000g\000\040\000t\000i\000n\000\040\000t\000i\036\277\000n\000\040\000t\000r\000\354\000n\000h\000\051}{}% 32
\BOOKMARK [2][-]{subsection.7.1}{\376\377\000M\036\345\000c\000\040\000t\000i\000\352\000u}{section.7}% 33
\BOOKMARK [2][-]{subsection.7.2}{\376\377\000M\000\343\000\040\000n\000g\000u\036\323\000n\000\040\000\050\000b\0006\000/\000h\000e\000l\000l\000o\000\137\000p\000r\000o\000c\000.\000c\000\051}{section.7}% 34
\BOOKMARK [2][-]{subsection.7.3}{\376\377\000C\000\341\000c\000\040\000b\001\260\036\333\000c\000\040\000t\000h\036\361\000c\000\040\000h\000i\036\307\000n}{section.7}% 35
\BOOKMARK [2][-]{subsection.7.4}{\376\377\000K\036\277\000t\000\040\000q\000u\036\243}{section.7}% 36
\BOOKMARK [2][-]{subsection.7.5}{\376\377\000N\000h\036\255\000n\000\040\000x\000\351\000t}{section.7}% 37
\BOOKMARK [1][-]{section.8}{\376\377\000B\000\340\000i\000\040\0007\000\040\040\024\000\040\000M\000o\000d\000u\000l\000e\000\040\000h\000e\000l\000l\000o\000\137\000s\000y\000s\000f\000s\000\040\000\050\000t\000h\000a\000m\000\040\000s\036\321\000\040\000s\000y\000s\000f\000s\000\051}{}% 38
\BOOKMARK [2][-]{subsection.8.1}{\376\377\000M\036\345\000c\000\040\000t\000i\000\352\000u}{section.8}% 39
\BOOKMARK [2][-]{subsection.8.2}{\376\377\000M\000\343\000\040\000n\000g\000u\036\323\000n\000\040\000\050\000b\0007\000/\000h\000e\000l\000l\000o\000\137\000s\000y\000s\000f\000s\000.\000c\000\051}{section.8}% 40
\BOOKMARK [2][-]{subsection.8.3}{\376\377\000C\000\341\000c\000\040\000b\001\260\036\333\000c\000\040\000t\000h\036\361\000c\000\040\000h\000i\036\307\000n}{section.8}% 41
\BOOKMARK [2][-]{subsection.8.4}{\376\377\000K\036\277\000t\000\040\000q\000u\036\243}{section.8}% 42
\BOOKMARK [2][-]{subsection.8.5}{\376\377\000N\000h\036\255\000n\000\040\000x\000\351\000t}{section.8}% 43
\BOOKMARK [1][-]{section.9}{\376\377\000B\000\340\000i\000\040\0008\000\040\040\024\000\040\000P\000r\000o\000v\000i\000d\000e\000r\000\040\000/\000\040\000C\000o\000n\000s\000u\000m\000e\000r\000\040\000\050\000E\000X\000P\000O\000R\000T\000\137\000S\000Y\000M\000B\000O\000L\000\051}{}% 44
\BOOKMARK [2][-]{subsection.9.1}{\376\377\000M\036\345\000c\000\040\000t\000i\000\352\000u}{section.9}% 45
\BOOKMARK [2][-]{subsection.9.2}{\376\377\000M\000\343\000\040\000n\000g\000u\036\323\000n}{section.9}% 46
\BOOKMARK [2][-]{subsection.9.3}{\376\377\000C\000\341\000c\000\040\000b\001\260\036\333\000c\000\040\000t\000h\036\361\000c\000\040\000h\000i\036\307\000n}{section.9}% 47
\BOOKMARK [2][-]{subsection.9.4}{\376\377\000K\036\277\000t\000\040\000q\000u\036\243}{section.9}% 48
\BOOKMARK [2][-]{subsection.9.5}{\376\377\000N\000h\036\255\000n\000\040\000x\000\351\000t}{section.9}% 49
\BOOKMARK [1][-]{section.10}{\376\377\000K\036\277\000t\000\040\000l\000u\036\255\000n}{}% 50
